(DEFUN MEM (X LIST) (COND ((NULL LIST) NIL) (T (COND ((EQ X (CAR LIST)) T) (T (MEM X (CDR LIST)))))))
(DEFUN UNI (S1 S2) (COND ((NULL S1) S2) ((NULL S2) S1) (T (COND ((MEM (CAR S1) S2) (UNI (CDR S1) S2)) (T (CONS (CAR S1) (UNI (CDR S1) S2)))))))
(UNI (QUOTE (3 4 2)) (QUOTE (3 5 1 4)))
