(DEFUN MEM (X LIST) (COND ((NULL LIST) NIL) (T (COND ((EQ X (CAR LIST)) T) (T (MEM X (CDR LIST)))))))
(MEM 3 (QUOTE (2 3 4)))

